// Vitest Snapshot v1, https://vitest.dev/guide/snapshot.html

exports[`snapshot 1`] = `
<DocumentFragment>
  <div
    class="container"
  >
    <div
      class="col-md-10 offset-md-1 col-lg-8 offset-lg-2 mb-5 container"
    >
      <h1
        class="loginform-header mb-3 text-center"
      >
        Login
      </h1>
      <div
        class="card"
      >
        <div
          class="card-body"
        >
          <form
            class=""
          >
            <div
              class="mb-3"
            >
              <label
                class="form-label"
                for="username"
              >
                Username
              </label>
              <input
                autocomplete="username"
                class="loginform-input form-control"
                id="username"
                name="username"
                placeholder="Username"
                required=""
                type="text"
                value=""
              />
            </div>
            <div
              class="mb-3"
            >
              <label
                class="form-label"
                for="password"
              >
                Password
              </label>
              <input
                autocomplete="current-password"
                class="loginform-input form-control"
                id="password"
                name="password"
                placeholder="Password"
                required=""
                type="password"
                value=""
              />
            </div>
            <div
              class="d-flex justify-content-end"
            >
              <button
                class="loginform-button btn btn-primary"
                data-testid="login-button"
                type="submit"
              >
                Login
              </button>
            </div>
          </form>
        </div>
      </div>
    </div>
    <div
      class="text-center"
    >
      Don't have an account? 
      <a
        href="/signup"
      >
        Sign up here
      </a>
    </div>
  </div>
</DocumentFragment>
`;
